Verifying Institutional Checklist Spline...
Passes | Final Score | Raw Score
-------|-------------|-----------
     0 |       0.000 |     -22.5
     1 |       0.000 |     -20.5
     1 |       0.000 |     -20.5
     2 |       0.000 |     -10.6
     3 |       0.000 |      -8.6
     4 |       0.000 |      -2.5
     6 |      18.958 |      19.0
     7 |      20.958 |      21.0
     8 |      30.553 |      30.6
     9 |      38.456 |      38.5
    10 |      40.100 |      40.1
    11 |      64.431 |      64.4
    12 |      65.091 |      65.1
WARNING: Large jump detected at 6 passes (diff: 19.0)
WARNING: Large jump detected at 11 passes (diff: 24.3)

Verifying Deterministic Tie-Breaker...
AAA Score: 3.37900
BBB Score: 3.38000
PASS: Scores are distinct and deterministic.
Verifying Institutional Checklist Spline...
Passes | Final Score | Raw Score
-------|-------------|-----------
     0 |       0.000 |     -22.5
     1 |       0.000 |     -20.5
     1 |       0.000 |     -20.5
     2 |       0.000 |     -10.6
     3 |       0.000 |      -8.6
     4 |       0.000 |      -2.5
     6 |      18.958 |      19.0
     7 |      20.958 |      21.0
     8 |      30.553 |      30.6
     9 |      38.456 |      38.5
    10 |      40.100 |      40.1
    11 |      64.431 |      64.4
    12 |      65.091 |      65.1
WARNING: Large jump detected at 6 passes (diff: 19.0)
WARNING: Large jump detected at 11 passes (diff: 24.3)

Verifying Deterministic Tie-Breaker...
AAA Score: 3.37900
BBB Score: 3.38000
PASS: Scores are distinct and deterministic.
